2025-08-31 14:15:34,899 - Доступ разрешен: Иванов Иван Иванович (Карта: RFID-1001) | Турникет: Главный вход | Направление: IN
2025-08-31 14:32:07,090 - Доступ разрешен: Николаев Артем Викторович (Карта: RFID-1007) | Турникет: Складской вход | Направление: OUT
2025-08-31 14:32:11,117 - Доступ разрешен: Кузнецов Дмитрий Анатольевич (Карта: RFID-1005) | Турникет: Главный вход | Направление: OUT
2025-08-31 14:32:15,150 - Доступ разрешен: Иванов Иван Иванович (Карта: RFID-1001) | Турникет: Складской вход | Направление: OUT
2025-08-31 14:32:19,176 - Доступ запрещен: неизвестная карта (RFID-1000)
2025-08-31 14:32:23,204 - Доступ разрешен: Сидоров Алексей Петрович (Карта: RFID-1003) | Турникет: Складской вход | Направление: OUT
2025-08-31 14:32:27,231 - Доступ разрешен: Федоров Михаил Олегович (Карта: RFID-1009) | Турникет: Парковка | Направление: IN
2025-08-31 14:32:31,257 - Доступ разрешен: Николаев Артем Викторович (Карта: RFID-1007) | Турникет: Складской вход | Направление: IN
2025-08-31 14:32:35,284 - Доступ разрешен: Кузнецов Дмитрий Анатольевич (Карта: RFID-1005) | Турникет: Парковка | Направление: OUT
2025-08-31 14:32:39,313 - Доступ разрешен: Григорьева Анастасия Андреевна (Карта: RFID-1010) | Турникет: Главный вход | Направление: OUT
2025-08-31 14:32:43,343 - Доступ разрешен: Григорьева Анастасия Андреевна (Карта: RFID-1010) | Турникет: Главный вход | Направление: IN
2025-08-31 14:32:47,374 - Доступ разрешен: Иванов Иван Иванович (Карта: RFID-1001) | Турникет: Главный вход | Направление: IN
2025-08-31 14:32:51,413 - Доступ разрешен: Николаев Артем Викторович (Карта: RFID-1007) | Турникет: Главный вход | Направление: OUT
2025-08-31 14:32:55,450 - Доступ запрещен: неизвестная карта (RFID-1000)
2025-08-31 14:32:59,480 - Доступ разрешен: Смирнова Елена Владимировна (Карта: RFID-1004) | Турникет: Главный вход | Направление: IN
2025-08-31 14:33:03,515 - Доступ разрешен: Иванов Иван Иванович (Карта: RFID-1001) | Турникет: Главный вход | Направление: IN
2025-08-31 14:33:07,550 - Доступ разрешен: Смирнова Елена Владимировна (Карта: RFID-1004) | Турникет: Складской вход | Направление: OUT
2025-08-31 14:33:11,590 - Доступ разрешен: Иванов Иван Иванович (Карта: RFID-1001) | Турникет: Парковка | Направление: IN
2025-08-31 14:33:15,624 - Доступ разрешен: Сидоров Алексей Петрович (Карта: RFID-1003) | Турникет: Складской вход | Направление: IN
2025-08-31 14:33:19,726 - Доступ разрешен: Григорьева Анастасия Андреевна (Карта: RFID-1010) | Турникет: Парковка | Направление: OUT
2025-08-31 14:33:23,760 - Доступ разрешен: Васильева Ольга Игоревна (Карта: RFID-1006) | Турникет: Главный вход | Направление: IN
2025-08-31 14:33:27,790 - Доступ разрешен: Павлова Виктория Дмитриевна (Карта: RFID-1008) | Турникет: Главный вход | Направление: IN
2025-08-31 14:33:31,816 - Доступ разрешен: Федоров Михаил Олегович (Карта: RFID-1009) | Турникет: Складской вход | Направление: OUT
2025-08-31 14:33:35,847 - Доступ разрешен: Григорьева Анастасия Андреевна (Карта: RFID-1010) | Турникет: Главный вход | Направление: IN
2025-08-31 14:33:39,874 - Доступ запрещен: неизвестная карта (RFID-1000)
2025-08-31 14:33:43,900 - Доступ запрещен: неизвестная карта (RFID-1000)
2025-08-31 14:33:47,928 - Доступ разрешен: Григорьева Анастасия Андреевна (Карта: RFID-1010) | Турникет: Главный вход | Направление: IN
2025-08-31 14:33:51,958 - Доступ разрешен: Васильева Ольга Игоревна (Карта: RFID-1006) | Турникет: Складской вход | Направление: IN
2025-08-31 14:33:55,986 - Доступ разрешен: Васильева Ольга Игоревна (Карта: RFID-1006) | Турникет: Складской вход | Направление: IN
2025-08-31 14:34:00,017 - Доступ разрешен: Сидоров Алексей Петрович (Карта: RFID-1003) | Турникет: Главный вход | Направление: IN
2025-08-31 14:34:04,049 - Доступ разрешен: Петрова Анна Сергеевна (Карта: RFID-1002) | Турникет: Складской вход | Направление: OUT
2025-08-31 14:34:08,079 - Доступ разрешен: Смирнова Елена Владимировна (Карта: RFID-1004) | Турникет: Парковка | Направление: IN
2025-08-31 14:34:12,106 - Доступ разрешен: Иванов Иван Иванович (Карта: RFID-1001) | Турникет: Складской вход | Направление: IN
2025-08-31 14:34:16,133 - Доступ разрешен: Павлова Виктория Дмитриевна (Карта: RFID-1008) | Турникет: Складской вход | Направление: IN
2025-08-31 14:34:20,162 - Доступ разрешен: Васильева Ольга Игоревна (Карта: RFID-1006) | Турникет: Складской вход | Направление: OUT
2025-08-31 14:34:24,189 - Доступ разрешен: Павлова Виктория Дмитриевна (Карта: RFID-1008) | Турникет: Складской вход | Направление: IN
2025-08-31 14:34:28,369 - Доступ разрешен: Павлова Виктория Дмитриевна (Карта: RFID-1008) | Турникет: Складской вход | Направление: IN
2025-08-31 14:34:32,398 - Доступ разрешен: Федоров Михаил Олегович (Карта: RFID-1009) | Турникет: Складской вход | Направление: OUT
2025-08-31 14:34:36,427 - Доступ запрещен: неизвестная карта (RFID-1000)
2025-08-31 14:34:40,464 - Доступ разрешен: Васильева Ольга Игоревна (Карта: RFID-1006) | Турникет: Складской вход | Направление: IN
2025-08-31 14:34:44,496 - Доступ разрешен: Сидоров Алексей Петрович (Карта: RFID-1003) | Турникет: Парковка | Направление: IN
2025-08-31 14:34:48,525 - Доступ разрешен: Федоров Михаил Олегович (Карта: RFID-1009) | Турникет: Главный вход | Направление: IN
2025-08-31 14:34:52,564 - Доступ разрешен: Петрова Анна Сергеевна (Карта: RFID-1002) | Турникет: Главный вход | Направление: IN
2025-08-31 14:34:56,633 - Доступ разрешен: Васильева Ольга Игоревна (Карта: RFID-1006) | Турникет: Главный вход | Направление: IN
2025-08-31 14:35:00,662 - Доступ разрешен: Иванов Иван Иванович (Карта: RFID-1001) | Турникет: Главный вход | Направление: OUT
2025-08-31 14:35:04,694 - Доступ разрешен: Кузнецов Дмитрий Анатольевич (Карта: RFID-1005) | Турникет: Главный вход | Направление: OUT
2025-08-31 14:35:08,727 - Доступ разрешен: Иванов Иван Иванович (Карта: RFID-1001) | Турникет: Складской вход | Направление: IN
2025-08-31 14:35:12,762 - Доступ разрешен: Кузнецов Дмитрий Анатольевич (Карта: RFID-1005) | Турникет: Складской вход | Направление: IN
2025-08-31 14:35:16,793 - Доступ запрещен: неизвестная карта (RFID-1000)
2025-08-31 14:35:20,822 - Доступ разрешен: Иванов Иван Иванович (Карта: RFID-1001) | Турникет: Складской вход | Направление: OUT
2025-08-31 14:35:24,859 - Доступ разрешен: Иванов Иван Иванович (Карта: RFID-1001) | Турникет: Главный вход | Направление: IN
2025-08-31 14:35:28,891 - Доступ разрешен: Васильева Ольга Игоревна (Карта: RFID-1006) | Турникет: Главный вход | Направление: OUT
2025-08-31 14:35:32,926 - Доступ разрешен: Григорьева Анастасия Андреевна (Карта: RFID-1010) | Турникет: Складской вход | Направление: OUT
2025-08-31 14:35:36,958 - Доступ разрешен: Николаев Артем Викторович (Карта: RFID-1007) | Турникет: Складской вход | Направление: IN
2025-08-31 14:35:37,480 - Доступ разрешен: Иванов Иван Иванович (Карта: RFID-1001) | Турникет: Главный вход | Направление: IN
2025-08-31 14:35:40,508 - Доступ разрешен: Сидоров Алексей Петрович (Карта: RFID-1003) | Турникет: Главный вход | Направление: IN
2025-08-31 14:35:40,988 - Доступ разрешен: Смирнова Елена Владимировна (Карта: RFID-1004) | Турникет: Главный вход | Направление: OUT
2025-08-31 14:35:42,536 - Доступ разрешен: Кузнецов Дмитрий Анатольевич (Карта: RFID-1005) | Турникет: Складской вход | Направление: IN
2025-08-31 14:35:45,019 - Доступ разрешен: Николаев Артем Викторович (Карта: RFID-1007) | Турникет: Парковка | Направление: IN
2025-08-31 14:35:46,565 - Доступ разрешен: Сидоров Алексей Петрович (Карта: RFID-1003) | Турникет: Главный вход | Направление: OUT
2025-08-31 14:35:49,049 - Доступ разрешен: Петрова Анна Сергеевна (Карта: RFID-1002) | Турникет: Главный вход | Направление: OUT
2025-08-31 14:35:49,591 - Доступ запрещен: неизвестная карта (RFID-9999)
2025-08-31 14:35:53,081 - Доступ разрешен: Иванов Иван Иванович (Карта: RFID-1001) | Турникет: Складской вход | Направление: IN
2025-08-31 14:35:57,110 - Доступ разрешен: Николаев Артем Викторович (Карта: RFID-1007) | Турникет: Парковка | Направление: OUT
2025-08-31 14:36:01,140 - Доступ разрешен: Николаев Артем Викторович (Карта: RFID-1007) | Турникет: Главный вход | Направление: IN
2025-08-31 14:36:05,171 - Доступ разрешен: Кузнецов Дмитрий Анатольевич (Карта: RFID-1005) | Турникет: Главный вход | Направление: OUT
2025-08-31 14:36:09,201 - Доступ разрешен: Смирнова Елена Владимировна (Карта: RFID-1004) | Турникет: Главный вход | Направление: OUT
2025-08-31 14:36:13,235 - Доступ запрещен: неизвестная карта (RFID-1000)
